---
source: state_machine_games/src/tiny_rng.rs
expression: counts
---
[
    [
        88,
        100,
        102,
        108,
        96,
        79,
        112,
        107,
        99,
        85,
        93,
        113,
        96,
        95,
        95,
        99,
        108,
        128,
        101,
        87,
        107,
        121,
        94,
        103,
        114,
        91,
        96,
        98,
        108,
        102,
        96,
        109,
        96,
        97,
        98,
        98,
        98,
        93,
        83,
        98,
        112,
        97,
    ],
    [
        115,
        87,
        112,
        99,
        99,
        86,
        91,
        111,
        111,
        96,
        94,
        118,
        93,
        91,
        106,
        89,
        98,
        114,
        104,
        114,
        109,
        114,
        102,
        109,
        88,
        85,
        106,
        92,
        93,
        84,
        115,
        107,
        101,
        98,
        100,
        100,
        90,
        106,
        88,
        110,
        86,
        89,
    ],
    [
        104,
        88,
        84,
        117,
        100,
        107,
        90,
        102,
        98,
        104,
        118,
        83,
        96,
        95,
        98,
        108,
        87,
        115,
        101,
        103,
        102,
        123,
        91,
        115,
        104,
        89,
        90,
        102,
        99,
        114,
        93,
        106,
        98,
        100,
        81,
        95,
        96,
        108,
        99,
        108,
        86,
        103,
    ],
    [
        94,
        93,
        101,
        109,
        116,
        100,
        80,
        98,
        118,
        97,
        110,
        91,
        115,
        88,
        98,
        102,
        94,
        88,
        94,
        113,
        97,
        110,
        74,
        94,
        112,
        107,
        96,
        105,
        97,
        89,
        122,
        86,
        102,
        111,
        112,
        87,
        103,
        97,
        106,
        80,
        108,
        106,
    ],
    [
        83,
        84,
        102,
        101,
        102,
        113,
        98,
        125,
        104,
        104,
        91,
        105,
        117,
        93,
        108,
        90,
        93,
        85,
        112,
        100,
        104,
        98,
        108,
        102,
        96,
        95,
        110,
        108,
        91,
        107,
        92,
        86,
        111,
        96,
        106,
        99,
        101,
        96,
        102,
        94,
        86,
        102,
    ],
    [
        98,
        92,
        101,
        100,
        115,
        84,
        106,
        99,
        119,
        119,
        93,
        103,
        105,
        97,
        99,
        94,
        114,
        102,
        97,
        106,
        97,
        96,
        81,
        101,
        105,
        98,
        98,
        93,
        87,
        114,
        101,
        79,
        102,
        95,
        129,
        110,
        98,
        100,
        89,
        82,
        101,
        101,
    ],
    [
        94,
        100,
        86,
        100,
        100,
        91,
        95,
        95,
        111,
        103,
        94,
        111,
        107,
        95,
        94,
        105,
        104,
        110,
        101,
        94,
        98,
        90,
        99,
        94,
        103,
        95,
        94,
        109,
        100,
        115,
        101,
        106,
        100,
        106,
        98,
        100,
        109,
        86,
        101,
        103,
        92,
        111,
    ],
    [
        108,
        103,
        98,
        84,
        93,
        117,
        105,
        107,
        105,
        112,
        101,
        102,
        108,
        108,
        86,
        116,
        96,
        101,
        86,
        88,
        79,
        99,
        98,
        90,
        121,
        112,
        86,
        96,
        96,
        107,
        106,
        101,
        87,
        115,
        93,
        102,
        106,
        101,
        107,
        89,
        96,
        89,
    ],
    [
        98,
        98,
        95,
        90,
        115,
        108,
        112,
        101,
        84,
        102,
        105,
        85,
        82,
        99,
        84,
        109,
        92,
        100,
        102,
        117,
        115,
        107,
        94,
        102,
        105,
        100,
        97,
        90,
        118,
        86,
        98,
        108,
        101,
        89,
        111,
        106,
        110,
        89,
        108,
        90,
        95,
        103,
    ],
    [
        92,
        105,
        92,
        116,
        107,
        86,
        97,
        106,
        92,
        88,
        87,
        105,
        101,
        108,
        111,
        107,
        95,
        108,
        85,
        90,
        93,
        105,
        109,
        89,
        102,
        100,
        111,
        95,
        99,
        102,
        89,
        101,
        110,
        112,
        112,
        84,
        99,
        105,
        97,
        99,
        98,
        111,
    ],
    [
        104,
        109,
        106,
        93,
        96,
        86,
        81,
        109,
        101,
        101,
        111,
        108,
        101,
        87,
        103,
        95,
        106,
        112,
        87,
        106,
        101,
        81,
        110,
        96,
        90,
        95,
        94,
        104,
        111,
        105,
        109,
        104,
        92,
        88,
        105,
        105,
        105,
        89,
        101,
        107,
        90,
        116,
    ],
    [
        97,
        119,
        90,
        98,
        84,
        103,
        109,
        107,
        92,
        97,
        88,
        95,
        98,
        98,
        105,
        107,
        104,
        93,
        99,
        112,
        106,
        105,
        111,
        96,
        77,
        108,
        104,
        105,
        105,
        100,
        111,
        107,
        107,
        88,
        97,
        117,
        92,
        92,
        104,
        85,
        92,
        96,
    ],
    [
        100,
        95,
        115,
        86,
        91,
        111,
        96,
        81,
        92,
        103,
        90,
        93,
        94,
        86,
        98,
        97,
        104,
        99,
        107,
        101,
        96,
        111,
        104,
        69,
        111,
        112,
        108,
        123,
        102,
        102,
        86,
        109,
        93,
        99,
        98,
        116,
        89,
        115,
        85,
        98,
        119,
        116,
    ],
    [
        88,
        115,
        99,
        99,
        114,
        96,
        100,
        84,
        78,
        103,
        94,
        102,
        94,
        102,
        82,
        104,
        95,
        104,
        96,
        99,
        92,
        95,
        95,
        106,
        113,
        91,
        105,
        92,
        103,
        116,
        104,
        103,
        106,
        103,
        102,
        107,
        111,
        102,
        109,
        92,
        104,
        101,
    ],
    [
        118,
        88,
        118,
        74,
        112,
        130,
        96,
        65,
        81,
        99,
        108,
        100,
        94,
        90,
        92,
        113,
        103,
        96,
        106,
        97,
        99,
        89,
        104,
        107,
        102,
        111,
        104,
        90,
        102,
        101,
        103,
        111,
        99,
        100,
        100,
        102,
        108,
        111,
        99,
        89,
        98,
        91,
    ],
    [
        102,
        83,
        103,
        107,
        100,
        100,
        118,
        91,
        96,
        88,
        91,
        82,
        89,
        104,
        94,
        94,
        90,
        97,
        109,
        97,
        112,
        93,
        96,
        87,
        101,
        104,
        106,
        84,
        108,
        103,
        116,
        103,
        106,
        93,
        104,
        112,
        103,
        113,
        107,
        123,
        103,
        88,
    ],
    [
        109,
        83,
        104,
        93,
        94,
        108,
        93,
        103,
        100,
        96,
        114,
        85,
        109,
        120,
        99,
        127,
        110,
        102,
        101,
        95,
        89,
        83,
        105,
        88,
        103,
        98,
        96,
        96,
        89,
        100,
        93,
        111,
        77,
        117,
        121,
        101,
        104,
        112,
        86,
        105,
        85,
        96,
    ],
    [
        101,
        95,
        98,
        101,
        98,
        92,
        111,
        106,
        94,
        104,
        99,
        107,
        93,
        98,
        109,
        90,
        103,
        108,
        110,
        88,
        94,
        93,
        108,
        106,
        87,
        85,
        107,
        90,
        84,
        97,
        109,
        84,
        112,
        93,
        104,
        129,
        99,
        95,
        91,
        125,
        100,
        103,
    ],
    [
        101,
        103,
        98,
        77,
        102,
        94,
        87,
        99,
        97,
        96,
        95,
        92,
        95,
        104,
        93,
        112,
        104,
        84,
        108,
        85,
        104,
        99,
        116,
        114,
        77,
        100,
        109,
        105,
        100,
        101,
        117,
        98,
        108,
        113,
        89,
        92,
        90,
        92,
        113,
        114,
        108,
        115,
    ],
    [
        103,
        106,
        72,
        103,
        98,
        89,
        101,
        112,
        115,
        90,
        107,
        121,
        92,
        108,
        93,
        116,
        104,
        92,
        110,
        111,
        81,
        86,
        97,
        115,
        99,
        98,
        102,
        109,
        87,
        113,
        90,
        102,
        82,
        96,
        104,
        98,
        98,
        110,
        106,
        89,
        101,
        94,
    ],
    [
        105,
        96,
        93,
        87,
        99,
        107,
        85,
        82,
        94,
        95,
        116,
        122,
        109,
        116,
        116,
        102,
        112,
        95,
        100,
        106,
        72,
        105,
        94,
        95,
        84,
        109,
        90,
        90,
        102,
        94,
        109,
        119,
        98,
        89,
        97,
        101,
        100,
        103,
        105,
        96,
        111,
        100,
    ],
    [
        108,
        101,
        124,
        109,
        91,
        117,
        84,
        112,
        107,
        107,
        104,
        99,
        110,
        113,
        92,
        96,
        110,
        87,
        93,
        85,
        107,
        112,
        96,
        101,
        95,
        108,
        85,
        97,
        93,
        95,
        99,
        92,
        106,
        92,
        116,
        109,
        88,
        92,
        92,
        95,
        101,
        80,
    ],
    [
        101,
        100,
        91,
        117,
        116,
        91,
        106,
        103,
        110,
        91,
        95,
        75,
        109,
        92,
        100,
        111,
        102,
        96,
        108,
        93,
        109,
        92,
        108,
        108,
        109,
        92,
        101,
        95,
        105,
        104,
        96,
        104,
        95,
        94,
        93,
        107,
        102,
        115,
        95,
        90,
        69,
        110,
    ],
    [
        110,
        106,
        90,
        93,
        91,
        101,
        91,
        101,
        115,
        93,
        100,
        88,
        124,
        99,
        104,
        109,
        91,
        94,
        104,
        91,
        117,
        105,
        98,
        101,
        89,
        100,
        101,
        116,
        108,
        89,
        117,
        117,
        84,
        96,
        88,
        97,
        93,
        100,
        98,
        88,
        105,
        98,
    ],
    [
        109,
        94,
        105,
        100,
        98,
        89,
        91,
        106,
        104,
        109,
        96,
        107,
        98,
        104,
        105,
        93,
        92,
        94,
        101,
        107,
        96,
        110,
        109,
        84,
        104,
        97,
        112,
        98,
        103,
        99,
        92,
        88,
        77,
        110,
        108,
        100,
        90,
        102,
        101,
        101,
        101,
        116,
    ],
    [
        90,
        102,
        102,
        89,
        95,
        95,
        120,
        112,
        106,
        109,
        88,
        102,
        90,
        94,
        112,
        87,
        88,
        113,
        119,
        116,
        106,
        94,
        104,
        103,
        105,
        92,
        94,
        89,
        97,
        109,
        86,
        97,
        109,
        109,
        93,
        83,
        94,
        106,
        102,
        95,
        105,
        99,
    ],
    [
        106,
        120,
        101,
        104,
        96,
        113,
        112,
        102,
        92,
        87,
        96,
        108,
        103,
        104,
        98,
        85,
        93,
        102,
        95,
        94,
        94,
        97,
        96,
        108,
        105,
        107,
        101,
        97,
        100,
        101,
        91,
        100,
        108,
        74,
        84,
        108,
        99,
        97,
        114,
        118,
        110,
        80,
    ],
    [
        96,
        97,
        84,
        102,
        109,
        103,
        105,
        88,
        105,
        108,
        87,
        107,
        97,
        93,
        101,
        109,
        112,
        114,
        95,
        95,
        91,
        96,
        107,
        92,
        107,
        91,
        85,
        115,
        98,
        90,
        109,
        110,
        100,
        98,
        105,
        96,
        85,
        88,
        103,
        121,
        109,
        97,
    ],
    [
        91,
        91,
        108,
        106,
        94,
        103,
        120,
        98,
        109,
        106,
        89,
        104,
        95,
        106,
        91,
        88,
        84,
        107,
        95,
        95,
        96,
        99,
        103,
        101,
        106,
        95,
        95,
        91,
        104,
        105,
        95,
        99,
        115,
        80,
        104,
        99,
        110,
        86,
        104,
        98,
        120,
        115,
    ],
    [
        87,
        97,
        94,
        109,
        94,
        95,
        96,
        90,
        86,
        91,
        102,
        92,
        120,
        99,
        117,
        103,
        111,
        105,
        100,
        92,
        96,
        88,
        102,
        119,
        112,
        99,
        89,
        110,
        105,
        105,
        96,
        85,
        125,
        101,
        104,
        92,
        104,
        95,
        97,
        104,
        100,
        92,
    ],
    [
        96,
        102,
        101,
        106,
        98,
        95,
        108,
        98,
        100,
        111,
        99,
        91,
        90,
        105,
        97,
        101,
        108,
        98,
        90,
        92,
        103,
        103,
        102,
        96,
        93,
        112,
        113,
        107,
        106,
        85,
        104,
        105,
        103,
        106,
        98,
        100,
        89,
        91,
        99,
        108,
        112,
        79,
    ],
    [
        83,
        110,
        116,
        110,
        103,
        101,
        106,
        110,
        106,
        101,
        84,
        103,
        103,
        94,
        108,
        103,
        97,
        91,
        86,
        97,
        101,
        89,
        93,
        112,
        79,
        105,
        92,
        104,
        97,
        83,
        100,
        99,
        109,
        108,
        98,
        88,
        128,
        91,
        100,
        111,
        94,
        107,
    ],
    [
        108,
        97,
        100,
        116,
        98,
        92,
        93,
        95,
        101,
        102,
        78,
        87,
        95,
        95,
        98,
        89,
        113,
        108,
        71,
        114,
        119,
        100,
        95,
        101,
        101,
        119,
        94,
        102,
        93,
        99,
        108,
        111,
        107,
        109,
        93,
        87,
        87,
        109,
        103,
        99,
        116,
        98,
    ],
    [
        102,
        95,
        94,
        90,
        102,
        97,
        97,
        95,
        99,
        106,
        113,
        90,
        110,
        104,
        99,
        99,
        91,
        95,
        103,
        114,
        98,
        113,
        77,
        98,
        103,
        95,
        117,
        112,
        119,
        102,
        94,
        98,
        92,
        106,
        86,
        92,
        107,
        96,
        109,
        101,
        97,
        93,
    ],
    [
        95,
        98,
        100,
        99,
        89,
        96,
        111,
        92,
        101,
        100,
        121,
        91,
        90,
        98,
        101,
        98,
        99,
        87,
        94,
        98,
        93,
        94,
        111,
        102,
        116,
        94,
        98,
        87,
        107,
        110,
        94,
        80,
        113,
        97,
        110,
        107,
        101,
        114,
        114,
        86,
        104,
        110,
    ],
    [
        116,
        110,
        93,
        83,
        101,
        93,
        115,
        91,
        94,
        91,
        98,
        106,
        97,
        89,
        109,
        114,
        101,
        103,
        130,
        101,
        120,
        104,
        98,
        96,
        93,
        99,
        105,
        107,
        89,
        99,
        87,
        97,
        90,
        117,
        91,
        94,
        117,
        86,
        88,
        114,
        86,
        88,
    ],
    [
        94,
        123,
        117,
        107,
        104,
        110,
        108,
        98,
        102,
        110,
        103,
        98,
        105,
        90,
        82,
        103,
        106,
        97,
        98,
        89,
        103,
        96,
        90,
        99,
        93,
        102,
        112,
        96,
        98,
        93,
        93,
        101,
        87,
        112,
        116,
        95,
        82,
        101,
        80,
        107,
        101,
        99,
    ],
    [
        115,
        95,
        109,
        119,
        98,
        104,
        101,
        103,
        82,
        93,
        123,
        102,
        91,
        99,
        101,
        72,
        100,
        94,
        102,
        95,
        102,
        98,
        106,
        91,
        103,
        121,
        90,
        96,
        96,
        117,
        87,
        88,
        96,
        112,
        74,
        100,
        98,
        99,
        101,
        111,
        91,
        125,
    ],
    [
        93,
        112,
        107,
        106,
        85,
        115,
        86,
        110,
        104,
        111,
        105,
        112,
        97,
        118,
        99,
        89,
        98,
        95,
        98,
        123,
        109,
        93,
        95,
        109,
        87,
        98,
        84,
        97,
        95,
        104,
        98,
        100,
        99,
        107,
        90,
        97,
        104,
        101,
        87,
        91,
        92,
        100,
    ],
    [
        110,
        96,
        92,
        99,
        99,
        89,
        92,
        110,
        94,
        110,
        100,
        115,
        97,
        112,
        100,
        91,
        83,
        85,
        100,
        94,
        92,
        114,
        117,
        105,
        110,
        102,
        99,
        102,
        116,
        90,
        99,
        90,
        103,
        99,
        97,
        84,
        104,
        103,
        112,
        82,
        103,
        109,
    ],
    [
        96,
        109,
        101,
        109,
        102,
        107,
        98,
        110,
        96,
        92,
        123,
        96,
        95,
        97,
        117,
        97,
        99,
        89,
        103,
        101,
        97,
        106,
        99,
        93,
        98,
        84,
        105,
        116,
        99,
        82,
        101,
        103,
        94,
        91,
        85,
        108,
        101,
        101,
        99,
        101,
        113,
        87,
    ],
    [
        92,
        103,
        102,
        85,
        106,
        107,
        97,
        86,
        106,
        90,
        97,
        104,
        96,
        113,
        106,
        87,
        106,
        113,
        99,
        105,
        104,
        94,
        104,
        103,
        98,
        105,
        119,
        90,
        91,
        87,
        94,
        96,
        100,
        84,
        106,
        96,
        108,
        112,
        116,
        103,
        100,
        90,
    ],
]
